// Jest Snapshot v1, https://goo.gl/fbAQLP

exports[`should render ExpenseList with empty message 1`] = `
<div>
  <h1>
    Expense list
  </h1>
  <p>
    No have any Item
  </p>
</div>
`;

exports[`should render ExpenseList with expenses 1`] = `
<div>
  <h1>
    Expense list
  </h1>
  <Connect(ExpenseListItem)
    amount={10}
    createdAt={0}
    description="house"
    id={1}
    key="1"
    note=""
  />
  <Connect(ExpenseListItem)
    amount={20}
    createdAt={-345600000}
    description="car"
    id={2}
    key="2"
    note=""
  />
  <Connect(ExpenseListItem)
    amount={30}
    createdAt={345600000}
    description="cat"
    id={3}
    key="3"
    note=""
  />
</div>
`;
